// Jest Snapshot v1, https://goo.gl/fbAQLP

exports[`Video Item Component should match snapshot 1`] = `
<a
  href="/video/UCPGzT4wecuWM0BH9mPiulXg"
>
  <div
    className="sc-bdnxRM dSjWoT"
  >
    <div
      className="sc-gtsrHT Qkqxt"
      role="img"
    />
    <div
      className="sc-dlnjwi ghopxz"
    >
      <h3
        className="sc-hKFxyN dwRALg"
      >
        Wizeline
      </h3>
      <p
        className="sc-eCApnc hSQOHJ"
        role="note"
      >
        Wizeline transforms how teams build technology. Its customers accelerate the delivery of innovative products with proven solutions, which combine Wizeline's ...
      </p>
    </div>
  </div>
</a>
`;
