// Jest Snapshot v1, https://goo.gl/fbAQLP

exports[`VideoList component should match snapshot 1`] = `
<div
  className="sc-jSFjdj drHbGR"
>
  <a
    href="/video/undefined"
    onClick={[Function]}
  >
    <div
      className="sc-bdnxRM dSjWoT"
    >
      <div
        className="sc-gtsrHT Qkqxt"
        role="img"
      />
      <div
        className="sc-dlnjwi ghopxz"
      >
        <h3
          className="sc-hKFxyN dwRALg"
        >
          Wizeline
        </h3>
        <p
          className="sc-eCApnc hSQOHJ"
          role="note"
        >
          Wizeline transforms how teams build technology. Its customers accelerate the delivery of innovative products with proven solutions, which combine Wizeline's ...
        </p>
      </div>
    </div>
  </a>
  <a
    href="/video/nmXMgqjQzls"
    onClick={[Function]}
  >
    <div
      className="sc-bdnxRM dSjWoT"
    >
      <div
        className="sc-gtsrHT gVEJrq"
        role="img"
      />
      <div
        className="sc-dlnjwi ghopxz"
      >
        <h3
          className="sc-hKFxyN dwRALg"
        >
          Video Tour | Welcome to Wizeline Guadalajara
        </h3>
        <p
          className="sc-eCApnc hSQOHJ"
          role="note"
        >
          Follow Hector Padilla, Wizeline Director of Engineering, for a lively tour of our office. In 2018, Wizeline opened its stunning new office in Guadalajara, Jalisco, ...
        </p>
      </div>
    </div>
  </a>
  <a
    href="/video/HYyRZiwBWc8"
    onClick={[Function]}
  >
    <div
      className="sc-bdnxRM dSjWoT"
    >
      <div
        className="sc-gtsrHT fbHbTg"
        role="img"
      />
      <div
        className="sc-dlnjwi ghopxz"
      >
        <h3
          className="sc-hKFxyN dwRALg"
        >
          Wizeline Guadalajara | Bringing Silicon Valley to Mexico
        </h3>
        <p
          className="sc-eCApnc hSQOHJ"
          role="note"
        >
          Wizeline continues to offer a Silicon Valley culture in burgeoning innovation hubs like Mexico and Vietnam. In 2018, our Guadalajara team moved into a ...
        </p>
      </div>
    </div>
  </a>
  <a
    href="/video/Po3VwR_NNGk"
    onClick={[Function]}
  >
    <div
      className="sc-bdnxRM dSjWoT"
    >
      <div
        className="sc-gtsrHT iZMlbc"
        role="img"
      />
      <div
        className="sc-dlnjwi ghopxz"
      >
        <h3
          className="sc-hKFxyN dwRALg"
        >
          Wizeline hace sentir a empleados como en casa
        </h3>
        <p
          className="sc-eCApnc hSQOHJ"
          role="note"
        >
          En el 2014, Bismarck fundó Wizeline, compañía tecnológica que trabaja con los corporativos ofreciendo una plataforma para que desarrollen software de forma ...
        </p>
      </div>
    </div>
  </a>
  <a
    href="/video/7PtYNO6g7eI"
    onClick={[Function]}
  >
    <div
      className="sc-bdnxRM dSjWoT"
    >
      <div
        className="sc-gtsrHT bvoxGB"
        role="img"
      />
      <div
        className="sc-dlnjwi ghopxz"
      >
        <h3
          className="sc-hKFxyN dwRALg"
        >
          We Are Wizeline
        </h3>
        <p
          className="sc-eCApnc hSQOHJ"
          role="note"
        >
          Engineering a better tomorrow. Wizeline is a global software development company that helps its clients solve their biggest challenges with design and ...
        </p>
      </div>
    </div>
  </a>
  <a
    href="/video/YuW0CE_8i1I"
    onClick={[Function]}
  >
    <div
      className="sc-bdnxRM dSjWoT"
    >
      <div
        className="sc-gtsrHT bGRuTT"
        role="img"
      />
      <div
        className="sc-dlnjwi ghopxz"
      >
        <h3
          className="sc-hKFxyN dwRALg"
        >
          Wizeline Thrives in Mexico City
        </h3>
        <p
          className="sc-eCApnc hSQOHJ"
          role="note"
        >
          Our vibrant Mexico City office is home to agile software engineers, talented UX designers, and brilliant data scientists. Learn about the rich history of Mexico City.
        </p>
      </div>
    </div>
  </a>
  <a
    href="/video/CHzlSGRvWPs"
    onClick={[Function]}
  >
    <div
      className="sc-bdnxRM dSjWoT"
    >
      <div
        className="sc-gtsrHT cjsOpN"
        role="img"
      />
      <div
        className="sc-dlnjwi ghopxz"
      >
        <h3
          className="sc-hKFxyN dwRALg"
        >
          Wizeline
        </h3>
        <p
          className="sc-eCApnc hSQOHJ"
          role="note"
        >
          El plan de Wizeline, una empresa de inteligencia artificial, para ayudar a crecer la comunidad de ciencia de datos en CDMX y todo el país, a través de cursos ...
        </p>
      </div>
    </div>
  </a>
  <a
    href="/video/cjO2fJy8asM"
    onClick={[Function]}
  >
    <div
      className="sc-bdnxRM dSjWoT"
    >
      <div
        className="sc-gtsrHT ffuYeC"
        role="img"
      />
      <div
        className="sc-dlnjwi ghopxz"
      >
        <h3
          className="sc-hKFxyN dwRALg"
        >
          A Day in the Life of an Engineering Manager at Wizeline
        </h3>
        <p
          className="sc-eCApnc hSQOHJ"
          role="note"
        >
          Fernando Espinoza shares his experience working as an engineering manager at Wizeline and mentoring other engineers. Learn about Fernando's passions ...
        </p>
      </div>
    </div>
  </a>
  <a
    href="/video/zClI9OjgKXM"
    onClick={[Function]}
  >
    <div
      className="sc-bdnxRM dSjWoT"
    >
      <div
        className="sc-gtsrHT dZVSeJ"
        role="img"
      />
      <div
        className="sc-dlnjwi ghopxz"
      >
        <h3
          className="sc-hKFxyN dwRALg"
        >
          Wizeline Technical Writing Academy | Featuring Eduardo Ocejo
        </h3>
        <p
          className="sc-eCApnc hSQOHJ"
          role="note"
        >
          
        </p>
      </div>
    </div>
  </a>
  <a
    href="/video/8bz9R61oY5o"
    onClick={[Function]}
  >
    <div
      className="sc-bdnxRM dSjWoT"
    >
      <div
        className="sc-gtsrHT dIKHzg"
        role="img"
      />
      <div
        className="sc-dlnjwi ghopxz"
      >
        <h3
          className="sc-hKFxyN dwRALg"
        >
          Silicon Valley en México
        </h3>
        <p
          className="sc-eCApnc hSQOHJ"
          role="note"
        >
          Empresas de Silicon Valley buscan establecerse en México por el gran talento que hay en nuestro país. Es una investigación de Roberto Domínguez.
        </p>
      </div>
    </div>
  </a>
  <a
    href="/video/7dJFraOqcoQ"
    onClick={[Function]}
  >
    <div
      className="sc-bdnxRM dSjWoT"
    >
      <div
        className="sc-gtsrHT iWwMon"
        role="img"
      />
      <div
        className="sc-dlnjwi ghopxz"
      >
        <h3
          className="sc-hKFxyN dwRALg"
        >
          Why Wizeline? featuring Juan Pablo Villa in Mexico City
        </h3>
        <p
          className="sc-eCApnc hSQOHJ"
          role="note"
        >
          Juan Pablo, known as Gianpa at Wizeline, is a software engineer in our Mexico City office. Gianpa focuses on Android apps, is an integral part of our culture, ...
        </p>
      </div>
    </div>
  </a>
  <a
    href="/video/w-Qwc_XJrWc"
    onClick={[Function]}
  >
    <div
      className="sc-bdnxRM dSjWoT"
    >
      <div
        className="sc-gtsrHT jyOieU"
        role="img"
      />
      <div
        className="sc-dlnjwi ghopxz"
      >
        <h3
          className="sc-hKFxyN dwRALg"
        >
          Wizeline&#39;s 2020 Year in Review
        </h3>
        <p
          className="sc-eCApnc hSQOHJ"
          role="note"
        >
          There's no doubt that 2020 has been an unprecedented year. However, amidst all the chaos, we achieved remarkable growth in various areas of our business.
        </p>
      </div>
    </div>
  </a>
  <a
    href="/video/rjir_cHTl5w"
    onClick={[Function]}
  >
    <div
      className="sc-bdnxRM dSjWoT"
    >
      <div
        className="sc-gtsrHT cShjd"
        role="img"
      />
      <div
        className="sc-dlnjwi ghopxz"
      >
        <h3
          className="sc-hKFxyN dwRALg"
        >
          Why Wizeline? featuring Hugo Lopez in Mexico City
        </h3>
        <p
          className="sc-eCApnc hSQOHJ"
          role="note"
        >
          
        </p>
      </div>
    </div>
  </a>
  <a
    href="/video/DcFK1x3NHGY"
    onClick={[Function]}
  >
    <div
      className="sc-bdnxRM dSjWoT"
    >
      <div
        className="sc-gtsrHT ODbOs"
        role="img"
      />
      <div
        className="sc-dlnjwi ghopxz"
      >
        <h3
          className="sc-hKFxyN dwRALg"
        >
          Why Wizeline? (We&#39;re Hiring in Mexico!)
        </h3>
        <p
          className="sc-eCApnc hSQOHJ"
          role="note"
        >
          A quick look at why people join Wizeline, what motivates us as a team and what it's like to work in our Guadalajara office. Learn more and apply here: ...
        </p>
      </div>
    </div>
  </a>
  <a
    href="/video/3BzYWAqZgFw"
    onClick={[Function]}
  >
    <div
      className="sc-bdnxRM dSjWoT"
    >
      <div
        className="sc-gtsrHT hvxiJx"
        role="img"
      />
      <div
        className="sc-dlnjwi ghopxz"
      >
        <h3
          className="sc-hKFxyN dwRALg"
        >
          Why Wizeline? featuring Oswaldo Herrera in Mexico City
        </h3>
        <p
          className="sc-eCApnc hSQOHJ"
          role="note"
        >
          Oswaldo is a software engineering in Wizeline's Mexico City office. He joined Wizeline because of the camaraderie and deep sense of commitment of our teams.
        </p>
      </div>
    </div>
  </a>
  <a
    href="/video/3KVFmT-Tp2w"
    onClick={[Function]}
  >
    <div
      className="sc-bdnxRM dSjWoT"
    >
      <div
        className="sc-gtsrHT czhVnJ"
        role="img"
      />
      <div
        className="sc-dlnjwi ghopxz"
      >
        <h3
          className="sc-hKFxyN dwRALg"
        >
          Caso de Éxito AWS: Wizeline [Spanish]
        </h3>
        <p
          className="sc-eCApnc hSQOHJ"
          role="note"
        >
          Central de socios de APN - https://amzn.to/2S7tIXM Fundada en 2014, Wizeline es una compañía joven e innovadora que nació en la nube para ofrecer soporte ...
        </p>
      </div>
    </div>
  </a>
  <a
    href="/video/aKuPmY2m1Ro"
    onClick={[Function]}
  >
    <div
      className="sc-bdnxRM dSjWoT"
    >
      <div
        className="sc-gtsrHT lhYRVM"
        role="img"
      />
      <div
        className="sc-dlnjwi ghopxz"
      >
        <h3
          className="sc-hKFxyN dwRALg"
        >
          Wizeline&#39;s 2019 Year in Review
        </h3>
        <p
          className="sc-eCApnc hSQOHJ"
          role="note"
        >
          
        </p>
      </div>
    </div>
  </a>
  <a
    href="/video/24sTHUyWhRM"
    onClick={[Function]}
  >
    <div
      className="sc-bdnxRM dSjWoT"
    >
      <div
        className="sc-gtsrHT bkgiqV"
        role="img"
      />
      <div
        className="sc-dlnjwi ghopxz"
      >
        <h3
          className="sc-hKFxyN dwRALg"
        >
          [1 of 2] Wizeline CEO shares career lessons from Google
        </h3>
        <p
          className="sc-eCApnc hSQOHJ"
          role="note"
        >
          Founder & CEO Bismarck Lepe on growth opportunities at Wizeline and his career-path experience as an early Google employee. Join our team!
        </p>
      </div>
    </div>
  </a>
  <a
    href="/video/IxGc1gSqB3A"
    onClick={[Function]}
  >
    <div
      className="sc-bdnxRM dSjWoT"
    >
      <div
        className="sc-gtsrHT kBNfYJ"
        role="img"
      />
      <div
        className="sc-dlnjwi ghopxz"
      >
        <h3
          className="sc-hKFxyN dwRALg"
        >
          Wizeline Data Engineering featuring Tania Reyes
        </h3>
        <p
          className="sc-eCApnc hSQOHJ"
          role="note"
        >
          Tania discovered her interest in Big Data while working at Wizeline and took Wizeline Academy courses to skill up and join the data team. Now, she works on ...
        </p>
      </div>
    </div>
  </a>
  <a
    href="/video/NP1gAnbeNno"
    onClick={[Function]}
  >
    <div
      className="sc-bdnxRM dSjWoT"
    >
      <div
        className="sc-gtsrHT efCEcD"
        role="img"
      />
      <div
        className="sc-dlnjwi ghopxz"
      >
        <h3
          className="sc-hKFxyN dwRALg"
        >
          Wizeline Querétaro | Mexico&#39;s New Knowledge Economy (We&#39;re hiring!)
        </h3>
        <p
          className="sc-eCApnc hSQOHJ"
          role="note"
        >
          A small but mighty (and growing) team, the Queretaro crew has taken ownership of growing the office and brand, speaking at university events, hosting tech ...
        </p>
      </div>
    </div>
  </a>
  <a
    href="/video/F6Krwu6lUc8"
    onClick={[Function]}
  >
    <div
      className="sc-bdnxRM dSjWoT"
    >
      <div
        className="sc-gtsrHT eevLbr"
        role="img"
      />
      <div
        className="sc-dlnjwi ghopxz"
      >
        <h3
          className="sc-hKFxyN dwRALg"
        >
          Miriam Godinez | Women in Leadership at Wizeline
        </h3>
        <p
          className="sc-eCApnc hSQOHJ"
          role="note"
        >
          Science and technology always caught Miriam's attention. One of her ultimate goals as a Senior Engineer Manager and Lead from the Mobile Team at Wizeline ...
        </p>
      </div>
    </div>
  </a>
  <a
    href="/video/RFq7gfvhtCk"
    onClick={[Function]}
  >
    <div
      className="sc-bdnxRM dSjWoT"
    >
      <div
        className="sc-gtsrHT dCoLlp"
        role="img"
      />
      <div
        className="sc-dlnjwi ghopxz"
      >
        <h3
          className="sc-hKFxyN dwRALg"
        >
          Welcome Back to Wizeline Vietnam | Extended Version
        </h3>
        <p
          className="sc-eCApnc hSQOHJ"
          role="note"
        >
          Thanks to swift government action, the COVID-19 situation in Vietnam has reached a point where businesses are able to return to work and reopen offices.
        </p>
      </div>
    </div>
  </a>
  <a
    href="/video/E1Vq_A3WKK8"
    onClick={[Function]}
  >
    <div
      className="sc-bdnxRM dSjWoT"
    >
      <div
        className="sc-gtsrHT eJWRUZ"
        role="img"
      />
      <div
        className="sc-dlnjwi ghopxz"
      >
        <h3
          className="sc-hKFxyN dwRALg"
        >
          How does Wizeline work?
        </h3>
        <p
          className="sc-eCApnc hSQOHJ"
          role="note"
        >
          Wizeline builds teams with a mix of technical and non-technical talent to deliver better products, faster. Learn more about our consulting services: ...
        </p>
      </div>
    </div>
  </a>
  <a
    href="/video/ZmkslANDz0Q"
    onClick={[Function]}
  >
    <div
      className="sc-bdnxRM dSjWoT"
    >
      <div
        className="sc-gtsrHT juoFrv"
        role="img"
      />
      <div
        className="sc-dlnjwi ghopxz"
      >
        <h3
          className="sc-hKFxyN dwRALg"
        >
          12 Wishes from Wizeline | Happy Holidays 2019
        </h3>
        <p
          className="sc-eCApnc hSQOHJ"
          role="note"
        >
          
        </p>
      </div>
    </div>
  </a>
  <a
    href="/video/Nss3EmTDD3s"
    onClick={[Function]}
  >
    <div
      className="sc-bdnxRM dSjWoT"
    >
      <div
        className="sc-gtsrHT hgAXhp"
        role="img"
      />
      <div
        className="sc-dlnjwi ghopxz"
      >
        <h3
          className="sc-hKFxyN dwRALg"
        >
          Why Wizeline?
        </h3>
        <p
          className="sc-eCApnc hSQOHJ"
          role="note"
        >
          Hear from our employees directly about what excites them about their roles here at Wizeline. Wizeline wants to hire the best and the brightest to accelerate their ...
        </p>
      </div>
    </div>
  </a>
</div>
`;
