// Jest Snapshot v1, https://goo.gl/fbAQLP

exports[`Video Item Component should match snapshot 1`] = `
<div
  role="link"
>
  <div
    className="sc-gtsrHT kpAzWm"
  >
    <div
      className="sc-dlnjwi bNBXpQ"
      role="img"
    />
    <div
      className="sc-hKFxyN eaXTjP"
    >
      <h3
        className="sc-eCApnc gjoEUb"
      >
        Wizeline
      </h3>
      <p
        className="sc-jSFjdj drPurb"
        role="note"
      >
        Wizeline transforms how teams build technology. Its customers accelerate the delivery of innovative products with proven solutions, which combine Wizeline's ...
      </p>
    </div>
  </div>
</div>
`;
