// Jest Snapshot v1, https://goo.gl/fbAQLP

exports[`Video Item Component should match snapshot 1`] = `
<div
  role="link"
>
  <div
    className="sc-dlnjwi dnxiUi"
  >
    <div
      className="sc-hKFxyN zdQQw"
      role="img"
    />
    <div
      className="sc-eCApnc BJArj"
    >
      <h3
        className="sc-jSFjdj kpXLlS"
      >
        Wizeline
      </h3>
      <p
        className="sc-gKAaRy fLlwH"
        role="note"
      >
        Wizeline transforms how teams build technology. Its customers accelerate the delivery of innovative products with proven solutions, which combine Wizeline's ...
      </p>
    </div>
  </div>
</div>
`;
